// Vitest Snapshot v1, https://vitest.dev/guide/snapshot.html

exports[`cellar > draws, with its cheapest way through 1`] = `
"[ledge · H]╌╌╌╌╌╌▶[cell · #blue]
     │                   │
     □H:left             ■#blue:held
     │                   │
     ├───────────────────┘
     │
 → [in]──────────────■H:right──────────────[out] →

■ shut on arrival   □ open on arrival   ╌▶ one-way drop   Name:state opens it

in ▸ ledge ▸ H:right ▸ ⤓cell ▸ #blue:held ▸ in ▸ out"
`;

exports[`doubleBack > draws, with its cheapest way through 1`] = `
"  [s2 · S2]          ╭[s1 · S1]
      │              ╎    │
      ■S1:right      ╎    □S1:left
      │              ╎    │
      │              ╎    │
      │    ▼╌╌╌╌╌╌╌╌╌╯    │
 [leftLower]        [rightLower]
  ╎   │                   │
  ╎   ■Y                  ■Y
  ╎   │                   │
  ╎   ├───────────────────┘
  ▼   │
→ [in · Y]────────────■S2:right─────────────[out] →

■ shut on arrival   □ open on arrival   ╌▶ one-way drop   Name:state opens it

in ▸ Y:in-rightLower ▸ rightLower ▸ s1 ▸ S1:right ▸ ⤓leftLower ▸ s2 ▸ S2:right ▸ leftLower ▸ ⤓in ▸ out"
`;

exports[`dropHome > draws, with its cheapest way through 1`] = `
"[leverRoom · H]
   ╎   │
   ╎   □H:left
   ╎   │
   ╎   │
   ╎   │
   ╎[hall]              [vault]
   ╎   │                   │
   ╎   ■Y                  ■Y
   ╎   │                   │
   ╎   ├───────────────────┘
   ▼   │
 → [in · Y]─────────────■H:right─────────────[out] →

■ shut on arrival   □ open on arrival   ╌▶ one-way drop   Name:state opens it

in ▸ Y:in-hall ▸ hall ▸ leverRoom ▸ H:right ▸ ⤓in ▸ out"
`;

exports[`keyring > draws, with its cheapest way through 1`] = `
"[redRoom · #red]
        │
        ■H:right
        │
        │
        │
 [leverRoom · H]      [greenRoom · #green]
        │                       │
        □H:left                 ■#red:held
        │                       │
        ├───────────────────────┘
        │
    → [in]────────────────■#green:held────────────────[out] →

■ shut on arrival   □ open on arrival   ╌▶ one-way drop   Name:state opens it

in ▸ leverRoom ▸ H:right ▸ redRoom ▸ #red:held ▸ leverRoom ▸ H:left ▸ in ▸ greenRoom ▸ #green:held ▸ in ▸ out"
`;

exports[`lamplighter > draws, with its cheapest way through 1`] = `
" [west · A]
      │   ╰╌╌╌╌╌╌╌╌╌╌╌╌╌╌╌╌╌╌╌╌╌╌╌╌╌╌╌╌╌╌╮
      ■Y                                 ╎
      │                                  ╎
      │                                  ╎
      │                                  ▼
→ [in · Y]──────────────■Y───────────────[east · B]────────■A:right+B:right─────────[out] →
         ▲╌╌╌╌╌╌╌╌╌╌╌╌╌╌╌╌╌╌╌╌╌╌╌╌╌╌╌╌╌╌╌╯

■ shut on arrival   □ open on arrival   ╌▶ one-way drop   Name:state opens it

in ▸ Y:in-west ▸ west ▸ A:right ▸ ⤓east ▸ B:right ▸ out"
`;

exports[`overlook > draws, with its cheapest way through 1`] = `
"╭[middle]           ╭[s1 · S1]
╎    │  ▲╌╌╌╌╌╌╌╌╌╌╌┼╌╮▲
╎    ■S1:right      ╎ ╎╎
╎    │              ╎ ╎╎
╎    │              ╎ ╎╎
╎    │              ╎ ╎╎
╎[s2 · S2]          ╎ ╰[top]
╎    │              ╎    │
╎    ■S2:right      ╎    │
╎    │              ╎    │
╎    ├───────────────────┘
╰╌╌▼ │▼╌╌╌╌╌╌╌╌╌╌╌╌╌╯
 → [in]─────────────■S2:right──────────────[out] →

■ shut on arrival   □ open on arrival   ╌▶ one-way drop   Name:state opens it

in ▸ top ▸ ⤓s1 ▸ S1:right ▸ ⤓in ▸ top ▸ ⤓middle ▸ s2 ▸ S2:right ▸ in ▸ out"
`;

exports[`seesaw > draws, with its cheapest way through 1`] = `
"[west · A]╌╌╌╌╌╌╌╌╌▶[east · B]
     │              ╎    │
     □B:left        ╎    □A:left
     │              ╎    │
     ├───────────────────┘
     │▼╌╌╌╌╌╌╌╌╌╌╌╌╌╯
 → [in]──────────■A:right+B:right──────────[out] →

■ shut on arrival   □ open on arrival   ╌▶ one-way drop   Name:state opens it

in ▸ west ▸ A:right ▸ ⤓east ▸ B:right ▸ ⤓in ▸ out"
`;

exports[`twoLamps > draws, with its cheapest way through 1`] = `
" [west · A]          [east · B]
      │                   │
      ■Y                  ■Y
      │                   │
      ├───────────────────┘
      │
→ [in · Y]─────────■A:right+B:right─────────[out] →

■ shut on arrival   □ open on arrival   ╌▶ one-way drop   Name:state opens it

in ▸ Y:in-west ▸ west ▸ A:right ▸ in ▸ Y:in-east ▸ east ▸ B:right ▸ in ▸ out"
`;
